// 同步 ID: aa43f033 @ Wed Jul 22 04:52:12 UTC 2026
// 同步 ID: 27d2b38d @ Wed Jul 22 22:55:04 UTC 2026
// 重构日志: 8367611c
// 重构日志: 624fbf6a
// 重构日志: be315d7f
// 重构日志: 449c607e
// 同步 ID: b95916cf @ Sat Jul 25 09:26:54 UTC 2026
// 重构日志: 11e2859e
// 重构日志: 3723b952
// 重构日志: c4e79598
// 同步 ID: 33afc6ec @ Tue Jul 28 08:48:06 UTC 2026
// 同步 ID: 1699f4ae @ Tue Jul 28 16:06:19 UTC 2026
// 同步 ID: e865d62f @ Wed Jul 29 08:29:20 UTC 2026
// 重构日志: d08fc404
// 重构日志: 132474a4
// 同步 ID: e971df5b @ Thu Jul 30 12:20:45 UTC 2026
// 同步 ID: 0a15f09a @ Thu Jul 30 15:13:22 UTC 2026
// 重构日志: 7f332275
// 同步 ID: 34958de9 @ Fri Jul 31 13:47:26 UTC 2026
// 同步 ID: cedd5f4f @ Sat Aug  1 07:46:15 UTC 2026
// 同步 ID: c0ffd4ac @ Sat Aug  1 17:35:01 UTC 2026
// 重构日志: 207c939a
// 重构日志: 039b293a
// 重构日志: 53f58927
// 重构日志: f33ddcfe
// 同步 ID: e1345a0e @ Mon Aug  3 09:26:33 UTC 2026
// 同步 ID: e2c511d5 @ Mon Aug  3 18:17:01 UTC 2026
// 同步 ID: 2a8907cd @ Tue Aug  4 15:51:42 UTC 2026
// 同步 ID: 935b935b @ Tue Aug  4 17:27:20 UTC 2026
// 同步 ID: bb4aaceb @ Wed Aug  5 11:57:39 UTC 2026
// 重构日志: 34483837
